{
    "converts boltz yaml to colabfold fasta": {
        "content": [
            {
                "0": [
                    
                ],
                "1": [
                    
                ],
                "pdb": [
                    
                ],
                "versions_python": [
                    
                ]
            }
        ],
        "timestamp": "2026-07-20T14:19:44.541583534",
        "meta": {
            "nf-test": "0.9.5",
            "nextflow": "26.04.6"
        }
    }
}