{
    "batches ColabFold search inputs and preserves sample IDs": {
        "content": [
            {
                "0": [
                    [
                        [
                            {
                                "id": "T1024"
                            },
                            {
                                "id": "T1026"
                            }
                        ],
                        [
                            "T1024.a3m:md5,2d5bea1d28ffa33dc01f46541bedc592",
                            "T1026.a3m:md5,2d5bea1d28ffa33dc01f46541bedc592"
                        ]
                    ]
                ],
                "1": [
                    [
                        [
                            {
                                "id": "T1024"
                            },
                            {
                                "id": "T1026"
                            }
                        ],
                        [
                            "T1024.json:md5,80a667ed5ec1a1fbea22347c2e582780",
                            "T1026.json:md5,80a667ed5ec1a1fbea22347c2e582780"
                        ]
                    ]
                ],
                "2": [
                    [
                        "MMSEQS_COLABFOLDSEARCH_BATCH",
                        "colabfold_search",
                        "1.6.1"
                    ]
                ],
                "3": [
                    [
                        "MMSEQS_COLABFOLDSEARCH_BATCH",
                        "mmseqs",
                        "74c9370d45ba10446fe049c3603bf5f877817e95"
                    ]
                ],
                "a3m": [
                    [
                        [
                            {
                                "id": "T1024"
                            },
                            {
                                "id": "T1026"
                            }
                        ],
                        [
                            "T1024.a3m:md5,2d5bea1d28ffa33dc01f46541bedc592",
                            "T1026.a3m:md5,2d5bea1d28ffa33dc01f46541bedc592"
                        ]
                    ]
                ],
                "json": [
                    [
                        [
                            {
                                "id": "T1024"
                            },
                            {
                                "id": "T1026"
                            }
                        ],
                        [
                            "T1024.json:md5,80a667ed5ec1a1fbea22347c2e582780",
                            "T1026.json:md5,80a667ed5ec1a1fbea22347c2e582780"
                        ]
                    ]
                ],
                "versions_colabfold_search": [
                    [
                        "MMSEQS_COLABFOLDSEARCH_BATCH",
                        "colabfold_search",
                        "1.6.1"
                    ]
                ],
                "versions_mmseqs": [
                    [
                        "MMSEQS_COLABFOLDSEARCH_BATCH",
                        "mmseqs",
                        "74c9370d45ba10446fe049c3603bf5f877817e95"
                    ]
                ]
            }
        ],
        "timestamp": "2026-10-09T14:07:16.500726027",
        "meta": {
            "nf-test": "0.9.5",
            "nextflow": "25.10.4"
        }
    }
}