{
    "runs mmseqs colabfoldsearch": {
        "content": [
            {
                "0": [
                    [
                        {
                            "id": "mixed"
                        },
                        "ubq.a3m:md5,eee2295efe0f453bf93c82604b75b85d"
                    ]
                ],
                "1": [
                    [
                        {
                            "id": "mixed"
                        },
                        "ubq.json:md5,69de0f3c4cf91de058ddaee98b431884"
                    ]
                ],
                "2": [
                    "versions.yml:md5,4655c25b6d38ecaeb0960ba8d95c2a35"
                ],
                "a3m": [
                    [
                        {
                            "id": "mixed"
                        },
                        "ubq.a3m:md5,eee2295efe0f453bf93c82604b75b85d"
                    ]
                ],
                "json": [
                    [
                        {
                            "id": "mixed"
                        },
                        "ubq.json:md5,69de0f3c4cf91de058ddaee98b431884"
                    ]
                ],
                "versions": [
                    "versions.yml:md5,4655c25b6d38ecaeb0960ba8d95c2a35"
                ]
            }
        ],
        "timestamp": "2026-09-21T12:14:39.574226666",
        "meta": {
            "nf-test": "0.9.5",
            "nextflow": "26.04.6"
        }
    }
}