{
    "converts mixed fasta to boltz yaml": {
        "content": [
            {
                "0": [
                    
                ],
                "1": [
                    
                ],
                "formatted_fasta": [
                    
                ],
                "versions_python": [
                    
                ]
            }
        ],
        "timestamp": "2026-07-20T14:19:37.214044271",
        "meta": {
            "nf-test": "0.9.5",
            "nextflow": "26.04.6"
        }
    }
}