{
    "creates deterministic AlphaFold2 features with micro databases": {
        "content": [
            [
                [
                    {
                        "id": "T1026"
                    },
                    "features.pkl:md5,5f3ae29dceb98a477fd7e119877224f0"
                ]
            ]
        ],
        "timestamp": "2026-09-22T09:37:33.463380777",
        "meta": {
            "nf-test": "0.9.5",
            "nextflow": "26.04.6"
        }
    }
}